// Jest Snapshot v1, https://goo.gl/fbAQLP

exports[`testing signup/login screen navigates to loginsignup after acknowledgement of location services 1`] = `
<ImageBackground
  source={1}
  style={
    Object {
      "flex": 1,
      "height": null,
      "width": null,
    }
  }
>
  <View
    style={
      Object {
        "backgroundColor": "rgba(255,255,255,.8)",
        "flex": 1,
        "flexDirection": "column",
        "justifyContent": "center",
      }
    }
  >
    <View
      style={
        Object {
          "padding": 5,
        }
      }
    >
      <Image
        source={1}
        style={
          Object {
            "resizeMode": "contain",
            "width": "100%",
          }
        }
      />
    </View>
    <View
      style={
        Object {
          "borderColor": "rgba(0,0,0,.4)",
          "borderRadius": 10,
          "borderWidth": 4,
          "margin": 20,
        }
      }
    >
      <View
        style={
          Object {
            "backgroundColor": "rgba(255,255,255,.6)",
            "borderRadius": 10,
            "padding": 10,
          }
        }
      >
        <Text
          accessible={true}
          allowFontScaling={true}
          ellipsizeMode="tail"
          style={
            Object {
              "fontSize": 18,
              "textAlign": "center",
            }
          }
        >
          <Text
            accessible={true}
            allowFontScaling={true}
            ellipsizeMode="tail"
          >
            Pinball Map is a user-updated map listing
          </Text>
          <Text
            accessible={true}
            allowFontScaling={true}
            ellipsizeMode="tail"
            style={
              Object {
                "fontWeight": "bold",
              }
            }
          >
             
            0
             
          </Text>
          <Text
            accessible={true}
            allowFontScaling={true}
            ellipsizeMode="tail"
          >
            locations and
          </Text>
          <Text
            accessible={true}
            allowFontScaling={true}
            ellipsizeMode="tail"
            style={
              Object {
                "fontWeight": "bold",
              }
            }
          >
             
            25
             
          </Text>
          <Text
            accessible={true}
            allowFontScaling={true}
            ellipsizeMode="tail"
          >
            machines.
          </Text>
          

          

          <Text
            accessible={true}
            allowFontScaling={true}
            ellipsizeMode="tail"
          >
            You can use it without being logged in. But to help keep it up to date you gotta log in!
          </Text>
        </Text>
      </View>
    </View>
    <View
      style={
        Object {
          "padding": 15,
        }
      }
    >
      <Button
        TouchableComponent={[Function]}
        accessibilityLabel="Log In"
        buttonStyle={
          Object {
            "backgroundColor": "#D3ECFF",
            "borderRadius": 50,
          }
        }
        clear={false}
        disabled={false}
        iconRight={false}
        loadingProps={
          Object {
            "color": "white",
            "size": "small",
          }
        }
        onPress={[Function]}
        raised={true}
        title="Current User? Log In"
        titleStyle={
          Object {
            "color": "black",
            "fontSize": 18,
          }
        }
      />
      <Button
        TouchableComponent={[Function]}
        accessibilityLabel="Sign Up"
        buttonStyle={
          Object {
            "backgroundColor": "#fdd4d7",
            "borderRadius": 50,
          }
        }
        clear={false}
        disabled={false}
        iconRight={false}
        loadingProps={
          Object {
            "color": "white",
            "size": "small",
          }
        }
        onPress={[Function]}
        raised={true}
        rounded={true}
        style={
          Object {
            "paddingBottom": 25,
            "paddingTop": 15,
          }
        }
        title="New User? Sign Up"
        titleStyle={
          Object {
            "color": "black",
            "fontSize": 18,
          }
        }
      />
      <Text
        accessible={true}
        allowFontScaling={true}
        ellipsizeMode="tail"
        onPress={[Function]}
        style={
          Object {
            "fontSize": 14,
            "textAlign": "center",
          }
        }
      >
        SKIP THIS FOR NOW
      </Text>
    </View>
  </View>
</ImageBackground>
`;

exports[`testing signup/login screen renders activity monitor when determining if location services is enabled 1`] = `
<ActivityIndicator
  animating={true}
  color="#999999"
  hidesWhenStopped={true}
  size="small"
/>
`;

exports[`testing signup/login screen renders activity monitor while waiting for num_lmxes response from API 1`] = `
<ActivityIndicator
  animating={true}
  color="#999999"
  hidesWhenStopped={true}
  size="small"
/>
`;

exports[`testing signup/login screen renders notice if location tracking enablement is not on 1`] = `
<View>
  <Text
    accessible={true}
    allowFontScaling={true}
    ellipsizeMode="tail"
  >
    To show you pinball machines near you, youâ€™ll need to enable location services for this app
  </Text>
  <Button
    TouchableComponent={[Function]}
    buttonStyle={
      Object {
        "borderRadius": 3,
      }
    }
    clear={false}
    disabled={false}
    iconRight={false}
    loadingProps={
      Object {
        "color": "white",
        "size": "small",
      }
    }
    onPress={[Function]}
    raised={false}
    title="OK"
  />
</View>
`;

exports[`testing signup/login screen renders signuplogin screen 1`] = `
<ImageBackground
  source={1}
  style={
    Object {
      "flex": 1,
      "height": null,
      "width": null,
    }
  }
>
  <View
    style={
      Object {
        "backgroundColor": "rgba(255,255,255,.8)",
        "flex": 1,
        "flexDirection": "column",
        "justifyContent": "center",
      }
    }
  >
    <View
      style={
        Object {
          "padding": 5,
        }
      }
    >
      <Image
        source={1}
        style={
          Object {
            "resizeMode": "contain",
            "width": "100%",
          }
        }
      />
    </View>
    <View
      style={
        Object {
          "borderColor": "rgba(0,0,0,.4)",
          "borderRadius": 10,
          "borderWidth": 4,
          "margin": 20,
        }
      }
    >
      <View
        style={
          Object {
            "backgroundColor": "rgba(255,255,255,.6)",
            "borderRadius": 10,
            "padding": 10,
          }
        }
      >
        <Text
          accessible={true}
          allowFontScaling={true}
          ellipsizeMode="tail"
          style={
            Object {
              "fontSize": 18,
              "textAlign": "center",
            }
          }
        >
          <Text
            accessible={true}
            allowFontScaling={true}
            ellipsizeMode="tail"
          >
            Pinball Map is a user-updated map listing
          </Text>
          <Text
            accessible={true}
            allowFontScaling={true}
            ellipsizeMode="tail"
            style={
              Object {
                "fontWeight": "bold",
              }
            }
          >
             
            0
             
          </Text>
          <Text
            accessible={true}
            allowFontScaling={true}
            ellipsizeMode="tail"
          >
            locations and
          </Text>
          <Text
            accessible={true}
            allowFontScaling={true}
            ellipsizeMode="tail"
            style={
              Object {
                "fontWeight": "bold",
              }
            }
          >
             
            25
             
          </Text>
          <Text
            accessible={true}
            allowFontScaling={true}
            ellipsizeMode="tail"
          >
            machines.
          </Text>
          

          

          <Text
            accessible={true}
            allowFontScaling={true}
            ellipsizeMode="tail"
          >
            You can use it without being logged in. But to help keep it up to date you gotta log in!
          </Text>
        </Text>
      </View>
    </View>
    <View
      style={
        Object {
          "padding": 15,
        }
      }
    >
      <Button
        TouchableComponent={[Function]}
        accessibilityLabel="Log In"
        buttonStyle={
          Object {
            "backgroundColor": "#D3ECFF",
            "borderRadius": 50,
          }
        }
        clear={false}
        disabled={false}
        iconRight={false}
        loadingProps={
          Object {
            "color": "white",
            "size": "small",
          }
        }
        onPress={[Function]}
        raised={true}
        title="Current User? Log In"
        titleStyle={
          Object {
            "color": "black",
            "fontSize": 18,
          }
        }
      />
      <Button
        TouchableComponent={[Function]}
        accessibilityLabel="Sign Up"
        buttonStyle={
          Object {
            "backgroundColor": "#fdd4d7",
            "borderRadius": 50,
          }
        }
        clear={false}
        disabled={false}
        iconRight={false}
        loadingProps={
          Object {
            "color": "white",
            "size": "small",
          }
        }
        onPress={[Function]}
        raised={true}
        rounded={true}
        style={
          Object {
            "paddingBottom": 25,
            "paddingTop": 15,
          }
        }
        title="New User? Sign Up"
        titleStyle={
          Object {
            "color": "black",
            "fontSize": 18,
          }
        }
      />
      <Text
        accessible={true}
        allowFontScaling={true}
        ellipsizeMode="tail"
        onPress={[Function]}
        style={
          Object {
            "fontSize": 14,
            "textAlign": "center",
          }
        }
      >
        SKIP THIS FOR NOW
      </Text>
    </View>
  </View>
</ImageBackground>
`;
